[2025-08-23 12:33:51] testing.ERROR: No application encryption key has been specified. {"exception":"[object] (Illuminate\\Encryption\\MissingAppKeyException(code: 0): No application encryption key has been specified. at /home/runner/work/fantastic-parakeet/fantastic-parakeet/vendor/laravel/framework/src/Illuminate/Encryption/EncryptionServiceProvider.php:83)
[stacktrace]
#0 /home/runner/work/fantastic-parakeet/fantastic-parakeet/vendor/laravel/framework/src/Illuminate/Support/helpers.php(399): Illuminate\\Encryption\\EncryptionServiceProvider->Illuminate\\Encryption\\{closure}()
#1 /home/runner/work/fantastic-parakeet/fantastic-parakeet/vendor/laravel/framework/src/Illuminate/Encryption/EncryptionServiceProvider.php(81): tap()
#2 /home/runner/work/fantastic-parakeet/fantastic-parakeet/vendor/laravel/framework/src/Illuminate/Encryption/EncryptionServiceProvider.php(64): Illuminate\\Encryption\\EncryptionServiceProvider->key()
#3 /home/runner/work/fantastic-parakeet/fantastic-parakeet/vendor/laravel/framework/src/Illuminate/Encryption/EncryptionServiceProvider.php(32): Illuminate\\Encryption\\EncryptionServiceProvider->parseKey()
#4 /home/runner/work/fantastic-parakeet/fantastic-parakeet/vendor/laravel/framework/src/Illuminate/Container/Container.php(937): Illuminate\\Encryption\\EncryptionServiceProvider->Illuminate\\Encryption\\{closure}()
#5 /home/runner/work/fantastic-parakeet/fantastic-parakeet/vendor/laravel/framework/src/Illuminate/Container/Container.php(819): Illuminate\\Container\\Container->build()
#6 /home/runner/work/fantastic-parakeet/fantastic-parakeet/vendor/laravel/framework/src/Illuminate/Foundation/Application.php(1051): Illuminate\\Container\\Container->resolve()
#7 /home/runner/work/fantastic-parakeet/fantastic-parakeet/vendor/laravel/framework/src/Illuminate/Container/Container.php(755): Illuminate\\Foundation\\Application->resolve()
#8 /home/runner/work/fantastic-parakeet/fantastic-parakeet/vendor/laravel/framework/src/Illuminate/Foundation/Application.php(1033): Illuminate\\Container\\Container->make()
#9 /home/runner/work/fantastic-parakeet/fantastic-parakeet/vendor/laravel/framework/src/Illuminate/Container/Container.php(1118): Illuminate\\Foundation\\Application->make()
#10 /home/runner/work/fantastic-parakeet/fantastic-parakeet/vendor/laravel/framework/src/Illuminate/Container/Container.php(1028): Illuminate\\Container\\Container->resolveClass()
#11 /home/runner/work/fantastic-parakeet/fantastic-parakeet/vendor/laravel/framework/src/Illuminate/Container/Container.php(979): Illuminate\\Container\\Container->resolveDependencies()
#12 /home/runner/work/fantastic-parakeet/fantastic-parakeet/vendor/laravel/framework/src/Illuminate/Container/Container.php(819): Illuminate\\Container\\Container->build()
#13 /home/runner/work/fantastic-parakeet/fantastic-parakeet/vendor/laravel/framework/src/Illuminate/Foundation/Application.php(1051): Illuminate\\Container\\Container->resolve()
#14 /home/runner/work/fantastic-parakeet/fantastic-parakeet/vendor/laravel/framework/src/Illuminate/Container/Container.php(755): Illuminate\\Foundation\\Application->resolve()
#15 /home/runner/work/fantastic-parakeet/fantastic-parakeet/vendor/laravel/framework/src/Illuminate/Foundation/Application.php(1033): Illuminate\\Container\\Container->make()
#16 /home/runner/work/fantastic-parakeet/fantastic-parakeet/vendor/laravel/framework/src/Illuminate/Pipeline/Pipeline.php(198): Illuminate\\Foundation\\Application->make()
#17 /home/runner/work/fantastic-parakeet/fantastic-parakeet/vendor/laravel/framework/src/Illuminate/Pipeline/Pipeline.php(127): Illuminate\\Pipeline\\Pipeline->Illuminate\\Pipeline\\{closure}()
#18 /home/runner/work/fantastic-parakeet/fantastic-parakeet/vendor/laravel/framework/src/Illuminate/Routing/Router.php(807): Illuminate\\Pipeline\\Pipeline->then()
#19 /home/runner/work/fantastic-parakeet/fantastic-parakeet/vendor/laravel/framework/src/Illuminate/Routing/Router.php(786): Illuminate\\Routing\\Router->runRouteWithinStack()
#20 /home/runner/work/fantastic-parakeet/fantastic-parakeet/vendor/laravel/framework/src/Illuminate/Routing/Router.php(750): Illuminate\\Routing\\Router->runRoute()
#21 /home/runner/work/fantastic-parakeet/fantastic-parakeet/vendor/laravel/framework/src/Illuminate/Routing/Router.php(739): Illuminate\\Routing\\Router->dispatchToRoute()
#22 /home/runner/work/fantastic-parakeet/fantastic-parakeet/vendor/laravel/framework/src/Illuminate/Foundation/Http/Kernel.php(201): Illuminate\\Routing\\Router->dispatch()
#23 /home/runner/work/fantastic-parakeet/fantastic-parakeet/vendor/laravel/framework/src/Illuminate/Pipeline/Pipeline.php(170): Illuminate\\Foundation\\Http\\Kernel->Illuminate\\Foundation\\Http\\{closure}()
#24 /home/runner/work/fantastic-parakeet/fantastic-parakeet/vendor/laravel/framework/src/Illuminate/Http/Middleware/TrustProxies.php(58): Illuminate\\Pipeline\\Pipeline->Illuminate\\Pipeline\\{closure}()
#25 /home/runner/work/fantastic-parakeet/fantastic-parakeet/vendor/laravel/framework/src/Illuminate/Pipeline/Pipeline.php(209): Illuminate\\Http\\Middleware\\TrustProxies->handle()
#26 /home/runner/work/fantastic-parakeet/fantastic-parakeet/vendor/laravel/framework/src/Illuminate/Foundation/Http/Middleware/TransformsRequest.php(21): Illuminate\\Pipeline\\Pipeline->Illuminate\\Pipeline\\{closure}()
#27 /home/runner/work/fantastic-parakeet/fantastic-parakeet/vendor/laravel/framework/src/Illuminate/Foundation/Http/Middleware/ConvertEmptyStringsToNull.php(31): Illuminate\\Foundation\\Http\\Middleware\\TransformsRequest->handle()
#28 /home/runner/work/fantastic-parakeet/fantastic-parakeet/vendor/laravel/framework/src/Illuminate/Pipeline/Pipeline.php(209): Illuminate\\Foundation\\Http\\Middleware\\ConvertEmptyStringsToNull->handle()
#29 /home/runner/work/fantastic-parakeet/fantastic-parakeet/vendor/laravel/framework/src/Illuminate/Foundation/Http/Middleware/TransformsRequest.php(21): Illuminate\\Pipeline\\Pipeline->Illuminate\\Pipeline\\{closure}()
#30 /home/runner/work/fantastic-parakeet/fantastic-parakeet/vendor/laravel/framework/src/Illuminate/Foundation/Http/Middleware/TrimStrings.php(51): Illuminate\\Foundation\\Http\\Middleware\\TransformsRequest->handle()
#31 /home/runner/work/fantastic-parakeet/fantastic-parakeet/vendor/laravel/framework/src/Illuminate/Pipeline/Pipeline.php(209): Illuminate\\Foundation\\Http\\Middleware\\TrimStrings->handle()
#32 /home/runner/work/fantastic-parakeet/fantastic-parakeet/vendor/laravel/framework/src/Illuminate/Http/Middleware/ValidatePostSize.php(27): Illuminate\\Pipeline\\Pipeline->Illuminate\\Pipeline\\{closure}()
#33 /home/runner/work/fantastic-parakeet/fantastic-parakeet/vendor/laravel/framework/src/Illuminate/Pipeline/Pipeline.php(209): Illuminate\\Http\\Middleware\\ValidatePostSize->handle()
#34 /home/runner/work/fantastic-parakeet/fantastic-parakeet/vendor/laravel/framework/src/Illuminate/Foundation/Http/Middleware/PreventRequestsDuringMaintenance.php(110): Illuminate\\Pipeline\\Pipeline->Illuminate\\Pipeline\\{closure}()
#35 /home/runner/work/fantastic-parakeet/fantastic-parakeet/vendor/laravel/framework/src/Illuminate/Pipeline/Pipeline.php(209): Illuminate\\Foundation\\Http\\Middleware\\PreventRequestsDuringMaintenance->handle()
#36 /home/runner/work/fantastic-parakeet/fantastic-parakeet/vendor/laravel/framework/src/Illuminate/Pipeline/Pipeline.php(127): Illuminate\\Pipeline\\Pipeline->Illuminate\\Pipeline\\{closure}()
#37 /home/runner/work/fantastic-parakeet/fantastic-parakeet/vendor/laravel/framework/src/Illuminate/Foundation/Http/Kernel.php(176): Illuminate\\Pipeline\\Pipeline->then()
#38 /home/runner/work/fantastic-parakeet/fantastic-parakeet/vendor/laravel/framework/src/Illuminate/Foundation/Http/Kernel.php(145): Illuminate\\Foundation\\Http\\Kernel->sendRequestThroughRouter()
#39 /home/runner/work/fantastic-parakeet/fantastic-parakeet/vendor/laravel/framework/src/Illuminate/Foundation/Testing/Concerns/MakesHttpRequests.php(607): Illuminate\\Foundation\\Http\\Kernel->handle()
#40 /home/runner/work/fantastic-parakeet/fantastic-parakeet/vendor/laravel/framework/src/Illuminate/Foundation/Testing/Concerns/MakesHttpRequests.php(368): Illuminate\\Foundation\\Testing\\TestCase->call()
#41 /home/runner/work/fantastic-parakeet/fantastic-parakeet/tests/Feature/ExampleTest.php(17): Illuminate\\Foundation\\Testing\\TestCase->get()
#42 /home/runner/work/fantastic-parakeet/fantastic-parakeet/vendor/phpunit/phpunit/src/Framework/TestCase.php(1235): Tests\\Feature\\ExampleTest->testBasicTest()
#43 /home/runner/work/fantastic-parakeet/fantastic-parakeet/vendor/phpunit/phpunit/src/Framework/TestCase.php(514): PHPUnit\\Framework\\TestCase->runTest()
#44 /home/runner/work/fantastic-parakeet/fantastic-parakeet/vendor/phpunit/phpunit/src/Framework/TestRunner/TestRunner.php(87): PHPUnit\\Framework\\TestCase->runBare()
#45 /home/runner/work/fantastic-parakeet/fantastic-parakeet/vendor/phpunit/phpunit/src/Framework/TestCase.php(361): PHPUnit\\Framework\\TestRunner->run()
#46 /home/runner/work/fantastic-parakeet/fantastic-parakeet/vendor/phpunit/phpunit/src/Framework/TestSuite.php(369): PHPUnit\\Framework\\TestCase->run()
#47 /home/runner/work/fantastic-parakeet/fantastic-parakeet/vendor/phpunit/phpunit/src/Framework/TestSuite.php(369): PHPUnit\\Framework\\TestSuite->run()
#48 /home/runner/work/fantastic-parakeet/fantastic-parakeet/vendor/phpunit/phpunit/src/Framework/TestSuite.php(369): PHPUnit\\Framework\\TestSuite->run()
#49 /home/runner/work/fantastic-parakeet/fantastic-parakeet/vendor/phpunit/phpunit/src/TextUI/TestRunner.php(64): PHPUnit\\Framework\\TestSuite->run()
#50 /home/runner/work/fantastic-parakeet/fantastic-parakeet/vendor/phpunit/phpunit/src/TextUI/Application.php(210): PHPUnit\\TextUI\\TestRunner->run()
#51 /home/runner/work/fantastic-parakeet/fantastic-parakeet/vendor/phpunit/phpunit/phpunit(104): PHPUnit\\TextUI\\Application->run()
#52 {main}
"} 
